<?xml version="1.0" encoding="UTF-8"?>
<testsuites name="jest tests" tests="8" failures="0" errors="0" time="2.578">
  <testsuite name="Palindrome Function" errors="0" failures="0" skipped="0" timestamp="2024-07-10T02:46:17" time="1.187" tests="5">
    <testcase classname="Palindrome Function should return true for palindromic string" name="Palindrome Function should return true for palindromic string" time="0.009">
    </testcase>
    <testcase classname="Palindrome Function should return false for non-palindromic string" name="Palindrome Function should return false for non-palindromic string" time="0.001">
    </testcase>
    <testcase classname="Palindrome Function should handle edge cases with whitespace" name="Palindrome Function should handle edge cases with whitespace" time="0.002">
    </testcase>
    <testcase classname="Palindrome Function should handle edge cases with punctuation" name="Palindrome Function should handle edge cases with punctuation" time="0.002">
    </testcase>
    <testcase classname="Palindrome Function should handle empty string" name="Palindrome Function should handle empty string" time="0.005">
    </testcase>
  </testsuite>
  <testsuite name="fishBash function" errors="0" failures="0" skipped="0" timestamp="2024-07-10T02:46:18" time="0.301" tests="1">
    <testcase classname="fishBash function should print correct output for given input" name="fishBash function should print correct output for given input" time="0.002">
    </testcase>
  </testsuite>
  <testsuite name="Sorting Functions" errors="0" failures="0" skipped="0" timestamp="2024-07-10T02:46:18" time="0.188" tests="2">
    <testcase classname="Sorting Functions sortAsc should sort array in ascending order" name="Sorting Functions sortAsc should sort array in ascending order" time="0.003">
    </testcase>
    <testcase classname="Sorting Functions sortDesc should sort array in descending order" name="Sorting Functions sortDesc should sort array in descending order" time="0">
    </testcase>
  </testsuite>
</testsuites>